<html>
<body>
<pre>
<h1>礦ision Build Log</h1>
<h2>Tool Versions:</h2>
IDE-Version: μVision V5.32.0.0
Copyright (C) 2020 ARM Ltd and ARM Germany GmbH. All rights reserved.
License Information: 111 8618253067475, 222, LIC=GMZI6-DPQU5-AR4XW-Q8SVT-7CGLN-HEJAN
 
Tool Versions:
Toolchain:       MDK-ARM Plus  Version: 5.32.0.0
Toolchain Path:  D:\Keil_v5\ARM\ARMCC\Bin
C Compiler:      Armcc.exe V5.06 update 7 (build 960)
Assembler:       Armasm.exe V5.06 update 7 (build 960)
Linker/Locator:  ArmLink.exe V5.06 update 7 (build 960)
Library Manager: ArmAr.exe V5.06 update 7 (build 960)
Hex Converter:   FromElf.exe V5.06 update 7 (build 960)
CPU DLL:         SARMCM3.DLL V5.32.0.0
Dialog DLL:      DCM.DLL V1.17.3.0
Target DLL:      STLink\ST-LINKIII-KEIL_SWO.dll V3.0.8.0
Dialog DLL:      TCM.DLL V1.46.0.0
 
<h2>Project:</h2>
C:\Users\86182\OneDrive\桌面\1月20日——面向对象 - 副本 - 副本\key_ctrl_led.uvprojx
Project File Date:  01/24/2024

<h2>Output:</h2>
*** Using Compiler 'V5.06 update 7 (build 960)', folder: 'D:\Keil_v5\ARM\ARMCC\Bin'
Rebuild target 'Target 1'
compiling stm32f4xx_cec.c...
compiling misc.c...
compiling stm32f4xx_crc.c...
compiling stm32f4xx_cryp_des.c...
compiling stm32f4xx_adc.c...
compiling system_stm32f4xx.c...
compiling stm32f4xx_it.c...
compiling main.c...
.\hw\led.h(42): warning:  #1-D: last line of file ends without a newline
  #endif
usr\main.c(57): warning:  #177-D: variable "led_level"  was declared but never referenced
      uint8_t led_level   = 0;
usr\main.c(58): warning:  #177-D: variable "led_levels"  was declared but never referenced
      uint32_t led_levels = 0;
usr\main.c: 3 warnings, 0 errors
compiling stm32f4xx_cryp.c...
compiling stm32f4xx_can.c...
compiling stm32f4xx_cryp_aes.c...
compiling stm32f4xx_cryp_tdes.c...
compiling stm32f4xx_dac.c...
compiling stm32f4xx_dbgmcu.c...
compiling stm32f4xx_dcmi.c...
compiling stm32f4xx_dfsdm.c...
compiling stm32f4xx_dsi.c...
compiling stm32f4xx_dma.c...
compiling stm32f4xx_exti.c...
compiling stm32f4xx_flash_ramfunc.c...
compiling stm32f4xx_dma2d.c...
compiling stm32f4xx_flash.c...
compiling stm32f4xx_fmpi2c.c...
compiling stm32f4xx_fsmc.c...
compiling stm32f4xx_gpio.c...
compiling stm32f4xx_hash.c...
compiling stm32f4xx_hash_md5.c...
compiling stm32f4xx_hash_sha1.c...
compiling stm32f4xx_lptim.c...
compiling stm32f4xx_iwdg.c...
compiling stm32f4xx_i2c.c...
compiling stm32f4xx_pwr.c...
compiling stm32f4xx_ltdc.c...
compiling stm32f4xx_qspi.c...
compiling stm32f4xx_rng.c...
compiling stm32f4xx_rcc.c...
compiling stm32f4xx_sai.c...
compiling stm32f4xx_spdifrx.c...
compiling stm32f4xx_sdio.c...
compiling stm32f4xx_syscfg.c...
compiling stm32f4xx_rtc.c...
compiling stm32f4xx_spi.c...
compiling stm32f4xx_usart.c...
compiling mui.c...
compiling stm32f4xx_tim.c...
compiling u8g2_bitmap.c...
compiling u8g2_box.c...
compiling u8g2_buffer.c...
compiling stm32f4xx_wwdg.c...
compiling u8g2_button.c...
compiling u8g2_cleardisplay.c...
compiling u8g2_d_memory.c...
U8G2\u8g2_d_memory.c(39): warning:  #1-D: last line of file ends without a newline
  }
U8G2\u8g2_d_memory.c: 1 warning, 0 errors
compiling u8g2_d_setup.c...
compiling u8g2_circle.c...
compiling mui_u8g2.c...
compiling delay.c...
sys\delay\delay.c(26): warning:  #1-D: last line of file ends without a newline
  }
sys\delay\delay.c: 1 warning, 0 errors
compiling u8g2_fonts.c...
U8G2\u8g2_fonts.c(1538): warning:  #1-D: last line of file ends without a newline
    "\223\37/K\244\24\223L(\223R\344L\22\23=\34\0";
U8G2\u8g2_fonts.c: 1 warning, 0 errors
compiling u8g2_hvline.c...
compiling u8g2_input_value.c...
compiling u8g2_intersection.c...
compiling u8g2_kerning.c...
compiling u8g2_font.c...
compiling u8g2_ll_hvline.c...
compiling u8g2_line.c...
compiling u8g2_message.c...
compiling u8g2_polygon.c...
compiling u8g2_selection_list.c...
compiling u8log_u8x8.c...
compiling u8log.c...
compiling u8g2_setup.c...
U8G2\u8g2_setup.c(469): warning:  #1-D: last line of file ends without a newline
    
U8G2\u8g2_setup.c: 1 warning, 0 errors
compiling u8x8_8x8.c...
compiling u8log_u8g2.c...
compiling u8x8_byte.c...
compiling u8x8_capture.c...
U8G2\u8x8_capture.c(254): warning:  #1-D: last line of file ends without a newline
  #endif
U8G2\u8x8_capture.c: 1 warning, 0 errors
compiling u8x8_debounce.c...
compiling u8x8_d_ssd1306_128x64_noname.c...
compiling u8x8_cad.c...
compiling u8x8_display.c...
U8G2\u8x8_display.c(203): warning:  #1-D: last line of file ends without a newline
  }
U8G2\u8x8_display.c: 1 warning, 0 errors
compiling u8x8_gpio.c...
U8G2\u8x8_gpio.c(50): warning:  #1-D: last line of file ends without a newline
  */
U8G2\u8x8_gpio.c: 1 warning, 0 errors
compiling u8x8_input_value.c...
compiling u8x8_selection_list.c...
compiling u8x8_message.c...
compiling u8x8_setup.c...
compiling u8x8_fonts.c...
compiling u8x8_u8toa.c...
compiling u8x8_string.c...
compiling u8x8_u16toa.c...
assembling startup_stm32f40_41xxx.s...
compiling led.c...
hw\led.h(42): warning:  #1-D: last line of file ends without a newline
  #endif
hw\led.c: 1 warning, 0 errors
compiling oled.c...
linking...
Program Size: Code=1988 RO-data=424 RW-data=4 ZI-data=1636  
".\Objects\STM32F407VE.axf" - 0 Error(s), 11 Warning(s).

<h2>Software Packages used:</h2>

Package Vendor: Keil
                https://www.keil.com/pack/Keil.STM32F4xx_DFP.2.17.1.pack
                Keil.STM32F4xx_DFP.2.17.1
                STMicroelectronics STM32F4 Series Device Support, Drivers and Examples

<h2>Collection of Component include folders:</h2>
  D:\Users\86182\AppData\Local\Arm\Packs\Keil\STM32F4xx_DFP\2.17.1\Drivers\CMSIS\Device\ST\STM32F4xx\Include

<h2>Collection of Component Files used:</h2>
Build Time Elapsed:  00:00:06
</pre>
</body>
</html>
